MPLINK 4.15, Linker
Linker Map File - Created Fri Jan 11 17:28:00 2008

                                 Section Info
                  Section       Type    Address   Location Size(Bytes)
                ---------  ---------  ---------  ---------  ---------
               _entry_scn       code   0x000000    program   0x000006
      InterruptVectorHigh       code   0x000008    program   0x000006
                   .cinit    romdata   0x00002a    program   0x00000e
            .code_usart.o       code   0x000038    program   0x000a2e
              .code_lcd.o       code   0x000a66    program   0x000340
                   STDLIB       code   0x000da6    program   0x000134
               _cinit_scn       code   0x000eda    program   0x00009e
                   STRING       code   0x000f78    program   0x00005c
                     PROG       code   0x000fd4    program   0x00004c
             D10KTCYXCODE       code   0x001020    program   0x00002e
             .code_main.o       code   0x00104e    program   0x00002c
         .code_fxd1616u.o       code   0x00107a    program   0x00002c
             _startup_scn       code   0x0010a6    program   0x00001c
                    .code       code   0x0010c2    program   0x00000e
           .code___init.o       code   0x0010d0    program   0x000002
        .romdata___init.o    romdata   0x0010d2    program   0x000000
      .romdata_fxd1616u.o    romdata   0x0010d2    program   0x000000
             .stringtable    romdata   0x0010d2    program   0x000000
         .romdata_c018i.o    romdata   0x0010d2    program   0x000000
         .romdata_usart.o    romdata   0x0010d2    program   0x000000
         .idata_usart.o_i    romdata   0x0010d2    program   0x00001f
           .romdata_lcd.o    romdata   0x0010d2    program   0x000000
          .romdata_main.o    romdata   0x0010d2    program   0x000000
      .idata_fxd1616u.o_i    romdata   0x0010f1    program   0x000000
        .idata___init.o_i    romdata   0x0010f1    program   0x000000
           .idata_lcd.o_i    romdata   0x0010f1    program   0x000000
          .idata_main.o_i    romdata   0x0010f1    program   0x000000
         .idata_c018i.o_i    romdata   0x0010f1    program   0x000000
            .code_c018i.o       code   0x0010f2    program   0x000000
                MATH_DATA      udata   0x000000       data   0x000010
                 .tmpdata      udata   0x000010       data   0x000004
                DELAYDAT2      udata   0x000014       data   0x000001
                DELAYDAT1      udata   0x000015       data   0x000001
                   .stack      udata   0x000d00       data   0x000100
           .idata_usart.o      idata   0x000f00       data   0x00001f
           .udata_c018i.o      udata   0x000f1f       data   0x00000a
           .udata_usart.o      udata   0x000f29       data   0x000002
            .idata_main.o      idata   0x000f2b       data   0x000000
             .udata_lcd.o      udata   0x000f2b       data   0x000000
             .idata_lcd.o      idata   0x000f2b       data   0x000000
            .udata_main.o      udata   0x000f2b       data   0x000000
           .idata_c018i.o      idata   0x000f2b       data   0x000000
        .udata_fxd1616u.o      udata   0x000f2b       data   0x000000
        .idata_fxd1616u.o      idata   0x000f2b       data   0x000000
          .udata___init.o      udata   0x000f2b       data   0x000000
          .idata___init.o      idata   0x000f2b       data   0x000000
            SFR_UNBANKED0      udata   0x000f62       data   0x00009e



                              Program Memory Usage 
                               Start         End      
                           ---------   ---------      
                            0x000000    0x000005      
                            0x000008    0x00000d      
                            0x00002a    0x0010f0      
            4307 out of 132120 program addresses used, program memory utilization is 3%



                              Symbols - Sorted by Name
                     Name    Address   Location    Storage File                     
                ---------  ---------  ---------  --------- ---------                
                   D10K_1   0x00102c    program     static C:\MCC18\src\traditional\delays\d10ktcyx.asm
                    D10Kl   0x001038    program     static C:\MCC18\src\traditional\delays\d10ktcyx.asm
                    D10Kx   0x00102a    program     static C:\MCC18\src\traditional\delays\d10ktcyx.asm
                   D1616S   0x000ff6    program     static C:\MCC18\src\traditional\math\fxd1616s.asm
                D1616SNEG   0x001004    program     static C:\MCC18\src\traditional\math\fxd1616s.asm
                 D1616SOK   0x001000    program     static C:\MCC18\src\traditional\math\fxd1616s.asm
                  D1616SX   0x001016    program     static C:\MCC18\src\traditional\math\fxd1616s.asm
                  DA1616S   0x000fe6    program     static C:\MCC18\src\traditional\math\fxd1616s.asm
             Delay10KTCYx   0x001020    program     extern C:\MCC18\src\traditional\delays\d10ktcyx.asm
                 FXD1616S   0x000fd4    program     extern C:\MCC18\src\traditional\math\fxd1616s.asm
                 FXD1616U   0x00107a    program     extern C:\MCC18\src\traditional\math\fxd1616u.c
     InterruptHandlerHigh   0x0003ca    program     extern C:\yann\test_liaisonsérie\Code_platine\usart.c
      InterruptVectorHigh   0x000008    program     extern C:\yann\test_liaisonsérie\Code_platine\usart.c
                  OneByte   0x000ec8    program     static C:\MCC18\src\traditional\stdclib\itobcd.asm
                ProcLower   0x000e7c    program     static C:\MCC18\src\traditional\stdclib\itoa.asm
                ProcUpper   0x000e72    program     static C:\MCC18\src\traditional\stdclib\itoa.asm
                 TstLower   0x000e66    program     static C:\MCC18\src\traditional\stdclib\itoa.asm
                 TstUpper   0x000e60    program     static C:\MCC18\src\traditional\stdclib\itoa.asm
       _D10KTCYXCODE_0010   0x001030    program     static C:\MCC18\src\traditional\delays\d10ktcyx.asm
       _D10KTCYXCODE_001C   0x00103c    program     static C:\MCC18\src\traditional\delays\d10ktcyx.asm
       ___return_lbl00000   0x0010a4    program     static                          
       ___return_lbl00000   0x000004    program     static                          
       ___return_lbl00001   0x0010c0    program     static                          
       ___return_lbl00002   0x000f76    program     static                          
       ___return_lbl00018   0x00000c    program     static                          
                   __init   0x0010d0    program     extern C:\MCC18\src\traditional\stdclib\__init.c
            __zero_memory   0x0010c2    program     extern C:\MCC18\src\traditional\proc\p18F6722.asm
                _do_cinit   0x000eda    program     extern C:\MCC18\src\traditional\startup\c018i.c
                   _entry   0x000000    program     extern C:\MCC18\src\traditional\startup\c018i.c
                 _startup   0x0010a6    program     extern C:\MCC18\src\traditional\startup\c018i.c
       attendre_busy_flag   0x000d24    program     extern C:\yann\test_liaisonsérie\Code_platine\lcd.c
               clear_loop   0x0010c8    program     static C:\MCC18\src\traditional\proc\p18F6722.asm
                copy_loop   0x000f4c    program     static                          
            copy_one_byte   0x000f52    program     static                          
                     done   0x000f76    program     static                          
             done_copying   0x000f60    program     static                          
  ecrire_demi_instruction   0x000cc0    program     extern C:\yann\test_liaisonsérie\Code_platine\lcd.c
       ecrire_instruction   0x000cfa    program     extern C:\yann\test_liaisonsérie\Code_platine\lcd.c
           effacer_chaine   0x0009ec    program     extern C:\yann\test_liaisonsérie\Code_platine\usart.c
                  endloop   0x0010a0    program     static                          
    envoyer_donnees_usart   0x000038    program     extern C:\yann\test_liaisonsérie\Code_platine\usart.c
               init_usart   0x0003a0    program     extern C:\yann\test_liaisonsérie\Code_platine\usart.c
                   itoBCD   0x000e86    program     extern C:\MCC18\src\traditional\stdclib\itobcd.asm
                     itoa   0x000da6    program     extern C:\MCC18\src\traditional\stdclib\itoa.asm
                     jDo1   0x000e2c    program     static C:\MCC18\src\traditional\stdclib\itoa.asm
                     jDo2   0x000e28    program     static C:\MCC18\src\traditional\stdclib\itoa.asm
                     jDo3   0x000e24    program     static C:\MCC18\src\traditional\stdclib\itoa.asm
                     jDo4   0x000e20    program     static C:\MCC18\src\traditional\stdclib\itoa.asm
                     jDo5   0x000e1c    program     static C:\MCC18\src\traditional\stdclib\itoa.asm
                     jEnd   0x000ec4    program     static C:\MCC18\src\traditional\stdclib\itobcd.asm
                     jEnd   0x000fa2    program     static C:\MCC18\src\traditional\stdclib\strcmp.asm
                     jEnd   0x000fd2    program     static C:\MCC18\src\traditional\stdclib\strlen.asm
                    jLoop   0x000fc8    program     static C:\MCC18\src\traditional\stdclib\strlen.asm
                    jLoop   0x000f98    program     static C:\MCC18\src\traditional\stdclib\strcmp.asm
                    jLoop   0x000e9e    program     static C:\MCC18\src\traditional\stdclib\itobcd.asm
                jTstLowZ1   0x000e70    program     static C:\MCC18\src\traditional\stdclib\itoa.asm
                jTstSign1   0x000dd2    program     static C:\MCC18\src\traditional\stdclib\itoa.asm
               lcd_gotoxy   0x000bd4    program     extern C:\yann\test_liaisonsérie\Code_platine\lcd.c
                 lcd_init   0x000a66    program     extern C:\yann\test_liaisonsérie\Code_platine\lcd.c
                 lcd_putc   0x000ab6    program     extern C:\yann\test_liaisonsérie\Code_platine\lcd.c
                 lcd_puti   0x000b86    program     extern C:\yann\test_liaisonsérie\Code_platine\lcd.c
                 lcd_puts   0x000af6    program     extern C:\yann\test_liaisonsérie\Code_platine\lcd.c
                     loop   0x0010b6    program     static                          
                     loop   0x001084    program     static                          
                     main   0x00104e    program     extern C:\yann\test_liaisonsérie\Code_platine\main.c
                   strcmp   0x000f78    program     extern C:\MCC18\src\traditional\stdclib\strcmp.asm
                   strlen   0x000fb8    program     extern C:\MCC18\src\traditional\stdclib\strlen.asm
                     test   0x000ef4    program     static                          
traiter_reception_commande   0x0000ba    program     extern C:\yann\test_liaisonsérie\Code_platine\usart.c
traiter_reception_parametre   0x000224    program     extern C:\yann\test_liaisonsérie\Code_platine\usart.c
     valider_checksum_cmd   0x000590    program     extern C:\yann\test_liaisonsérie\Code_platine\usart.c
valider_checksum_parametre   0x00069c    program     extern C:\yann\test_liaisonsérie\Code_platine\usart.c
                   ADCON0   0x000fc2       data     extern C:\MCC18\src\traditional\proc\p18F6722.asm
               ADCON0bits   0x000fc2       data     extern C:\MCC18\src\traditional\proc\p18F6722.asm
                   ADCON1   0x000fc1       data     extern C:\MCC18\src\traditional\proc\p18F6722.asm
               ADCON1bits   0x000fc1       data     extern C:\MCC18\src\traditional\proc\p18F6722.asm
                   ADCON2   0x000fc0       data     extern C:\MCC18\src\traditional\proc\p18F6722.asm
               ADCON2bits   0x000fc0       data     extern C:\MCC18\src\traditional\proc\p18F6722.asm
                    ADRES   0x000fc3       data     extern C:\MCC18\src\traditional\proc\p18F6722.asm
                   ADRESH   0x000fc4       data     extern C:\MCC18\src\traditional\proc\p18F6722.asm
                   ADRESL   0x000fc3       data     extern C:\MCC18\src\traditional\proc\p18F6722.asm
                  BAUDCON   0x000f7e       data     extern C:\MCC18\src\traditional\proc\p18F6722.asm
                 BAUDCON1   0x000f7e       data     extern C:\MCC18\src\traditional\proc\p18F6722.asm
             BAUDCON1bits   0x000f7e       data     extern C:\MCC18\src\traditional\proc\p18F6722.asm
                 BAUDCON2   0x000f7c       data     extern C:\MCC18\src\traditional\proc\p18F6722.asm
             BAUDCON2bits   0x000f7c       data     extern C:\MCC18\src\traditional\proc\p18F6722.asm
              BAUDCONbits   0x000f7e       data     extern C:\MCC18\src\traditional\proc\p18F6722.asm
                      BSR   0x000fe0       data     extern C:\MCC18\src\traditional\proc\p18F6722.asm
                  CCP1CON   0x000fbd       data     extern C:\MCC18\src\traditional\proc\p18F6722.asm
              CCP1CONbits   0x000fbd       data     extern C:\MCC18\src\traditional\proc\p18F6722.asm
                  CCP2CON   0x000fba       data     extern C:\MCC18\src\traditional\proc\p18F6722.asm
              CCP2CONbits   0x000fba       data     extern C:\MCC18\src\traditional\proc\p18F6722.asm
                  CCP3CON   0x000fb7       data     extern C:\MCC18\src\traditional\proc\p18F6722.asm
              CCP3CONbits   0x000fb7       data     extern C:\MCC18\src\traditional\proc\p18F6722.asm
                  CCP4CON   0x000f73       data     extern C:\MCC18\src\traditional\proc\p18F6722.asm
              CCP4CONbits   0x000f73       data     extern C:\MCC18\src\traditional\proc\p18F6722.asm
                  CCP5CON   0x000f70       data     extern C:\MCC18\src\traditional\proc\p18F6722.asm
              CCP5CONbits   0x000f70       data     extern C:\MCC18\src\traditional\proc\p18F6722.asm
                    CCPR1   0x000fbe       data     extern C:\MCC18\src\traditional\proc\p18F6722.asm
                   CCPR1H   0x000fbf       data     extern C:\MCC18\src\traditional\proc\p18F6722.asm
                   CCPR1L   0x000fbe       data     extern C:\MCC18\src\traditional\proc\p18F6722.asm
                    CCPR2   0x000fbb       data     extern C:\MCC18\src\traditional\proc\p18F6722.asm
                   CCPR2H   0x000fbc       data     extern C:\MCC18\src\traditional\proc\p18F6722.asm
                   CCPR2L   0x000fbb       data     extern C:\MCC18\src\traditional\proc\p18F6722.asm
                    CCPR3   0x000fb8       data     extern C:\MCC18\src\traditional\proc\p18F6722.asm
                   CCPR3H   0x000fb9       data     extern C:\MCC18\src\traditional\proc\p18F6722.asm
                   CCPR3L   0x000fb8       data     extern C:\MCC18\src\traditional\proc\p18F6722.asm
                    CCPR4   0x000f74       data     extern C:\MCC18\src\traditional\proc\p18F6722.asm
                   CCPR4H   0x000f75       data     extern C:\MCC18\src\traditional\proc\p18F6722.asm
                   CCPR4L   0x000f74       data     extern C:\MCC18\src\traditional\proc\p18F6722.asm
                    CCPR5   0x000f71       data     extern C:\MCC18\src\traditional\proc\p18F6722.asm
                   CCPR5H   0x000f72       data     extern C:\MCC18\src\traditional\proc\p18F6722.asm
                   CCPR5L   0x000f71       data     extern C:\MCC18\src\traditional\proc\p18F6722.asm
                    CMCON   0x000fb4       data     extern C:\MCC18\src\traditional\proc\p18F6722.asm
                CMCONbits   0x000fb4       data     extern C:\MCC18\src\traditional\proc\p18F6722.asm
                   CVRCON   0x000fb5       data     extern C:\MCC18\src\traditional\proc\p18F6722.asm
               CVRCONbits   0x000fb5       data     extern C:\MCC18\src\traditional\proc\p18F6722.asm
                     DDRA   0x000f92       data     extern C:\MCC18\src\traditional\proc\p18F6722.asm
                 DDRAbits   0x000f92       data     extern C:\MCC18\src\traditional\proc\p18F6722.asm
                     DDRB   0x000f93       data     extern C:\MCC18\src\traditional\proc\p18F6722.asm
                 DDRBbits   0x000f93       data     extern C:\MCC18\src\traditional\proc\p18F6722.asm
                     DDRC   0x000f94       data     extern C:\MCC18\src\traditional\proc\p18F6722.asm
                 DDRCbits   0x000f94       data     extern C:\MCC18\src\traditional\proc\p18F6722.asm
                     DDRD   0x000f95       data     extern C:\MCC18\src\traditional\proc\p18F6722.asm
                 DDRDbits   0x000f95       data     extern C:\MCC18\src\traditional\proc\p18F6722.asm
                     DDRE   0x000f96       data     extern C:\MCC18\src\traditional\proc\p18F6722.asm
                 DDREbits   0x000f96       data     extern C:\MCC18\src\traditional\proc\p18F6722.asm
                     DDRF   0x000f97       data     extern C:\MCC18\src\traditional\proc\p18F6722.asm
                 DDRFbits   0x000f97       data     extern C:\MCC18\src\traditional\proc\p18F6722.asm
                     DDRG   0x000f98       data     extern C:\MCC18\src\traditional\proc\p18F6722.asm
                 DDRGbits   0x000f98       data     extern C:\MCC18\src\traditional\proc\p18F6722.asm
            DelayCounter1   0x000015       data     extern C:\MCC18\src\traditional\delays\delayd1.asm
            DelayCounter2   0x000014       data     extern C:\MCC18\src\traditional\delays\delayd2.asm
                  ECCP1AS   0x000fb6       data     extern C:\MCC18\src\traditional\proc\p18F6722.asm
              ECCP1ASbits   0x000fb6       data     extern C:\MCC18\src\traditional\proc\p18F6722.asm
                 ECCP1CON   0x000fbd       data     extern C:\MCC18\src\traditional\proc\p18F6722.asm
             ECCP1CONbits   0x000fbd       data     extern C:\MCC18\src\traditional\proc\p18F6722.asm
                 ECCP1DEL   0x000f79       data     extern C:\MCC18\src\traditional\proc\p18F6722.asm
             ECCP1DELbits   0x000f79       data     extern C:\MCC18\src\traditional\proc\p18F6722.asm
                  ECCP2AS   0x000f68       data     extern C:\MCC18\src\traditional\proc\p18F6722.asm
              ECCP2ASbits   0x000f68       data     extern C:\MCC18\src\traditional\proc\p18F6722.asm
                 ECCP2CON   0x000fba       data     extern C:\MCC18\src\traditional\proc\p18F6722.asm
             ECCP2CONbits   0x000fba       data     extern C:\MCC18\src\traditional\proc\p18F6722.asm
                 ECCP2DEL   0x000f67       data     extern C:\MCC18\src\traditional\proc\p18F6722.asm
             ECCP2DELbits   0x000f67       data     extern C:\MCC18\src\traditional\proc\p18F6722.asm
                  ECCP3AS   0x000f6a       data     extern C:\MCC18\src\traditional\proc\p18F6722.asm
              ECCP3ASbits   0x000f6a       data     extern C:\MCC18\src\traditional\proc\p18F6722.asm
                 ECCP3CON   0x000fb7       data     extern C:\MCC18\src\traditional\proc\p18F6722.asm
             ECCP3CONbits   0x000fb7       data     extern C:\MCC18\src\traditional\proc\p18F6722.asm
                 ECCP3DEL   0x000f69       data     extern C:\MCC18\src\traditional\proc\p18F6722.asm
             ECCP3DELbits   0x000f69       data     extern C:\MCC18\src\traditional\proc\p18F6722.asm
                    EEADR   0x000fa9       data     extern C:\MCC18\src\traditional\proc\p18F6722.asm
                   EEADRH   0x000faa       data     extern C:\MCC18\src\traditional\proc\p18F6722.asm
                   EECON1   0x000fa6       data     extern C:\MCC18\src\traditional\proc\p18F6722.asm
               EECON1bits   0x000fa6       data     extern C:\MCC18\src\traditional\proc\p18F6722.asm
                   EECON2   0x000fa7       data     extern C:\MCC18\src\traditional\proc\p18F6722.asm
                   EEDATA   0x000fa8       data     extern C:\MCC18\src\traditional\proc\p18F6722.asm
            FLAG_COMMANDE   0x000f1c       data     extern C:\yann\test_liaisonsérie\Code_platine\usart.c
         FLAG_INSTRUCTION   0x000f1e       data     extern C:\yann\test_liaisonsérie\Code_platine\usart.c
           FLAG_PARAMETRE   0x000f1d       data     extern C:\yann\test_liaisonsérie\Code_platine\usart.c
                     FSR0   0x000fe9       data     extern C:\MCC18\src\traditional\proc\p18F6722.asm
                    FSR0H   0x000fea       data     extern C:\MCC18\src\traditional\proc\p18F6722.asm
                    FSR0L   0x000fe9       data     extern C:\MCC18\src\traditional\proc\p18F6722.asm
                     FSR1   0x000fe1       data     extern C:\MCC18\src\traditional\proc\p18F6722.asm
                    FSR1H   0x000fe2       data     extern C:\MCC18\src\traditional\proc\p18F6722.asm
                    FSR1L   0x000fe1       data     extern C:\MCC18\src\traditional\proc\p18F6722.asm
                     FSR2   0x000fd9       data     extern C:\MCC18\src\traditional\proc\p18F6722.asm
                    FSR2H   0x000fda       data     extern C:\MCC18\src\traditional\proc\p18F6722.asm
                    FSR2L   0x000fd9       data     extern C:\MCC18\src\traditional\proc\p18F6722.asm
                  HLVDCON   0x000fd2       data     extern C:\MCC18\src\traditional\proc\p18F6722.asm
              HLVDCONbits   0x000fd2       data     extern C:\MCC18\src\traditional\proc\p18F6722.asm
                    INDF0   0x000fef       data     extern C:\MCC18\src\traditional\proc\p18F6722.asm
                    INDF1   0x000fe7       data     extern C:\MCC18\src\traditional\proc\p18F6722.asm
                    INDF2   0x000fdf       data     extern C:\MCC18\src\traditional\proc\p18F6722.asm
                   INTCON   0x000ff2       data     extern C:\MCC18\src\traditional\proc\p18F6722.asm
                  INTCON2   0x000ff1       data     extern C:\MCC18\src\traditional\proc\p18F6722.asm
              INTCON2bits   0x000ff1       data     extern C:\MCC18\src\traditional\proc\p18F6722.asm
                  INTCON3   0x000ff0       data     extern C:\MCC18\src\traditional\proc\p18F6722.asm
              INTCON3bits   0x000ff0       data     extern C:\MCC18\src\traditional\proc\p18F6722.asm
               INTCONbits   0x000ff2       data     extern C:\MCC18\src\traditional\proc\p18F6722.asm
                     IPR1   0x000f9f       data     extern C:\MCC18\src\traditional\proc\p18F6722.asm
                 IPR1bits   0x000f9f       data     extern C:\MCC18\src\traditional\proc\p18F6722.asm
                     IPR2   0x000fa2       data     extern C:\MCC18\src\traditional\proc\p18F6722.asm
                 IPR2bits   0x000fa2       data     extern C:\MCC18\src\traditional\proc\p18F6722.asm
                     IPR3   0x000fa5       data     extern C:\MCC18\src\traditional\proc\p18F6722.asm
                 IPR3bits   0x000fa5       data     extern C:\MCC18\src\traditional\proc\p18F6722.asm
                     LATA   0x000f89       data     extern C:\MCC18\src\traditional\proc\p18F6722.asm
                 LATAbits   0x000f89       data     extern C:\MCC18\src\traditional\proc\p18F6722.asm
                     LATB   0x000f8a       data     extern C:\MCC18\src\traditional\proc\p18F6722.asm
                 LATBbits   0x000f8a       data     extern C:\MCC18\src\traditional\proc\p18F6722.asm
                     LATC   0x000f8b       data     extern C:\MCC18\src\traditional\proc\p18F6722.asm
                 LATCbits   0x000f8b       data     extern C:\MCC18\src\traditional\proc\p18F6722.asm
                     LATD   0x000f8c       data     extern C:\MCC18\src\traditional\proc\p18F6722.asm
                 LATDbits   0x000f8c       data     extern C:\MCC18\src\traditional\proc\p18F6722.asm
                     LATE   0x000f8d       data     extern C:\MCC18\src\traditional\proc\p18F6722.asm
                 LATEbits   0x000f8d       data     extern C:\MCC18\src\traditional\proc\p18F6722.asm
                     LATF   0x000f8e       data     extern C:\MCC18\src\traditional\proc\p18F6722.asm
                 LATFbits   0x000f8e       data     extern C:\MCC18\src\traditional\proc\p18F6722.asm
                     LATG   0x000f8f       data     extern C:\MCC18\src\traditional\proc\p18F6722.asm
                 LATGbits   0x000f8f       data     extern C:\MCC18\src\traditional\proc\p18F6722.asm
                   LVDCON   0x000fd2       data     extern C:\MCC18\src\traditional\proc\p18F6722.asm
               LVDCONbits   0x000fd2       data     extern C:\MCC18\src\traditional\proc\p18F6722.asm
                   OSCCON   0x000fd3       data     extern C:\MCC18\src\traditional\proc\p18F6722.asm
               OSCCONbits   0x000fd3       data     extern C:\MCC18\src\traditional\proc\p18F6722.asm
                  OSCTUNE   0x000f9b       data     extern C:\MCC18\src\traditional\proc\p18F6722.asm
              OSCTUNEbits   0x000f9b       data     extern C:\MCC18\src\traditional\proc\p18F6722.asm
                       PC   0x000ff9       data     extern C:\MCC18\src\traditional\proc\p18F6722.asm
                      PCL   0x000ff9       data     extern C:\MCC18\src\traditional\proc\p18F6722.asm
                   PCLATH   0x000ffa       data     extern C:\MCC18\src\traditional\proc\p18F6722.asm
                   PCLATU   0x000ffb       data     extern C:\MCC18\src\traditional\proc\p18F6722.asm
                     PIE1   0x000f9d       data     extern C:\MCC18\src\traditional\proc\p18F6722.asm
                 PIE1bits   0x000f9d       data     extern C:\MCC18\src\traditional\proc\p18F6722.asm
                     PIE2   0x000fa0       data     extern C:\MCC18\src\traditional\proc\p18F6722.asm
                 PIE2bits   0x000fa0       data     extern C:\MCC18\src\traditional\proc\p18F6722.asm
                     PIE3   0x000fa3       data     extern C:\MCC18\src\traditional\proc\p18F6722.asm
                 PIE3bits   0x000fa3       data     extern C:\MCC18\src\traditional\proc\p18F6722.asm
                     PIR1   0x000f9e       data     extern C:\MCC18\src\traditional\proc\p18F6722.asm
                 PIR1bits   0x000f9e       data     extern C:\MCC18\src\traditional\proc\p18F6722.asm
                     PIR2   0x000fa1       data     extern C:\MCC18\src\traditional\proc\p18F6722.asm
                 PIR2bits   0x000fa1       data     extern C:\MCC18\src\traditional\proc\p18F6722.asm
                     PIR3   0x000fa4       data     extern C:\MCC18\src\traditional\proc\p18F6722.asm
                 PIR3bits   0x000fa4       data     extern C:\MCC18\src\traditional\proc\p18F6722.asm
                   PLUSW0   0x000feb       data     extern C:\MCC18\src\traditional\proc\p18F6722.asm
                   PLUSW1   0x000fe3       data     extern C:\MCC18\src\traditional\proc\p18F6722.asm
                   PLUSW2   0x000fdb       data     extern C:\MCC18\src\traditional\proc\p18F6722.asm
                    PORTA   0x000f80       data     extern C:\MCC18\src\traditional\proc\p18F6722.asm
                PORTAbits   0x000f80       data     extern C:\MCC18\src\traditional\proc\p18F6722.asm
                    PORTB   0x000f81       data     extern C:\MCC18\src\traditional\proc\p18F6722.asm
                PORTBbits   0x000f81       data     extern C:\MCC18\src\traditional\proc\p18F6722.asm
                    PORTC   0x000f82       data     extern C:\MCC18\src\traditional\proc\p18F6722.asm
                PORTCbits   0x000f82       data     extern C:\MCC18\src\traditional\proc\p18F6722.asm
                    PORTD   0x000f83       data     extern C:\MCC18\src\traditional\proc\p18F6722.asm
                PORTDbits   0x000f83       data     extern C:\MCC18\src\traditional\proc\p18F6722.asm
                    PORTE   0x000f84       data     extern C:\MCC18\src\traditional\proc\p18F6722.asm
                PORTEbits   0x000f84       data     extern C:\MCC18\src\traditional\proc\p18F6722.asm
                    PORTF   0x000f85       data     extern C:\MCC18\src\traditional\proc\p18F6722.asm
                PORTFbits   0x000f85       data     extern C:\MCC18\src\traditional\proc\p18F6722.asm
                    PORTG   0x000f86       data     extern C:\MCC18\src\traditional\proc\p18F6722.asm
                PORTGbits   0x000f86       data     extern C:\MCC18\src\traditional\proc\p18F6722.asm
                 POSTDEC0   0x000fed       data     extern C:\MCC18\src\traditional\proc\p18F6722.asm
                 POSTDEC1   0x000fe5       data     extern C:\MCC18\src\traditional\proc\p18F6722.asm
                 POSTDEC2   0x000fdd       data     extern C:\MCC18\src\traditional\proc\p18F6722.asm
                 POSTINC0   0x000fee       data     extern C:\MCC18\src\traditional\proc\p18F6722.asm
                 POSTINC1   0x000fe6       data     extern C:\MCC18\src\traditional\proc\p18F6722.asm
                 POSTINC2   0x000fde       data     extern C:\MCC18\src\traditional\proc\p18F6722.asm
                      PR2   0x000fcb       data     extern C:\MCC18\src\traditional\proc\p18F6722.asm
                      PR4   0x000f77       data     extern C:\MCC18\src\traditional\proc\p18F6722.asm
                  PREINC0   0x000fec       data     extern C:\MCC18\src\traditional\proc\p18F6722.asm
                  PREINC1   0x000fe4       data     extern C:\MCC18\src\traditional\proc\p18F6722.asm
                  PREINC2   0x000fdc       data     extern C:\MCC18\src\traditional\proc\p18F6722.asm
                     PROD   0x000ff3       data     extern C:\MCC18\src\traditional\proc\p18F6722.asm
                    PRODH   0x000ff4       data     extern C:\MCC18\src\traditional\proc\p18F6722.asm
                    PRODL   0x000ff3       data     extern C:\MCC18\src\traditional\proc\p18F6722.asm
                   PSPCON   0x000fb0       data     extern C:\MCC18\src\traditional\proc\p18F6722.asm
               PSPCONbits   0x000fb0       data     extern C:\MCC18\src\traditional\proc\p18F6722.asm
                     RCON   0x000fd0       data     extern C:\MCC18\src\traditional\proc\p18F6722.asm
                 RCONbits   0x000fd0       data     extern C:\MCC18\src\traditional\proc\p18F6722.asm
                    RCREG   0x000fae       data     extern C:\MCC18\src\traditional\proc\p18F6722.asm
                   RCREG1   0x000fae       data     extern C:\MCC18\src\traditional\proc\p18F6722.asm
                   RCREG2   0x000f6e       data     extern C:\MCC18\src\traditional\proc\p18F6722.asm
                    RCSTA   0x000fab       data     extern C:\MCC18\src\traditional\proc\p18F6722.asm
                   RCSTA1   0x000fab       data     extern C:\MCC18\src\traditional\proc\p18F6722.asm
               RCSTA1bits   0x000fab       data     extern C:\MCC18\src\traditional\proc\p18F6722.asm
                   RCSTA2   0x000f6b       data     extern C:\MCC18\src\traditional\proc\p18F6722.asm
               RCSTA2bits   0x000f6b       data     extern C:\MCC18\src\traditional\proc\p18F6722.asm
                RCSTAbits   0x000fab       data     extern C:\MCC18\src\traditional\proc\p18F6722.asm
                     SIGN   0x000000       data     extern C:\MCC18\src\traditional\math\cmath18.asm
                    SPBRG   0x000faf       data     extern C:\MCC18\src\traditional\proc\p18F6722.asm
                   SPBRG1   0x000faf       data     extern C:\MCC18\src\traditional\proc\p18F6722.asm
                   SPBRG2   0x000f6f       data     extern C:\MCC18\src\traditional\proc\p18F6722.asm
                   SPBRGH   0x000f7f       data     extern C:\MCC18\src\traditional\proc\p18F6722.asm
                  SPBRGH1   0x000f7f       data     extern C:\MCC18\src\traditional\proc\p18F6722.asm
                  SPBRGH2   0x000f7d       data     extern C:\MCC18\src\traditional\proc\p18F6722.asm
                  SSP1ADD   0x000fc8       data     extern C:\MCC18\src\traditional\proc\p18F6722.asm
                  SSP1BUF   0x000fc9       data     extern C:\MCC18\src\traditional\proc\p18F6722.asm
                 SSP1CON1   0x000fc6       data     extern C:\MCC18\src\traditional\proc\p18F6722.asm
             SSP1CON1bits   0x000fc6       data     extern C:\MCC18\src\traditional\proc\p18F6722.asm
                 SSP1CON2   0x000fc5       data     extern C:\MCC18\src\traditional\proc\p18F6722.asm
             SSP1CON2bits   0x000fc5       data     extern C:\MCC18\src\traditional\proc\p18F6722.asm
                 SSP1STAT   0x000fc7       data     extern C:\MCC18\src\traditional\proc\p18F6722.asm
             SSP1STATbits   0x000fc7       data     extern C:\MCC18\src\traditional\proc\p18F6722.asm
                  SSP2ADD   0x000f65       data     extern C:\MCC18\src\traditional\proc\p18F6722.asm
                  SSP2BUF   0x000f66       data     extern C:\MCC18\src\traditional\proc\p18F6722.asm
                 SSP2CON1   0x000f63       data     extern C:\MCC18\src\traditional\proc\p18F6722.asm
             SSP2CON1bits   0x000f63       data     extern C:\MCC18\src\traditional\proc\p18F6722.asm
                 SSP2CON2   0x000f62       data     extern C:\MCC18\src\traditional\proc\p18F6722.asm
             SSP2CON2bits   0x000f62       data     extern C:\MCC18\src\traditional\proc\p18F6722.asm
                 SSP2STAT   0x000f64       data     extern C:\MCC18\src\traditional\proc\p18F6722.asm
             SSP2STATbits   0x000f64       data     extern C:\MCC18\src\traditional\proc\p18F6722.asm
                   SSPADD   0x000fc8       data     extern C:\MCC18\src\traditional\proc\p18F6722.asm
                   SSPBUF   0x000fc9       data     extern C:\MCC18\src\traditional\proc\p18F6722.asm
                  SSPCON1   0x000fc6       data     extern C:\MCC18\src\traditional\proc\p18F6722.asm
              SSPCON1bits   0x000fc6       data     extern C:\MCC18\src\traditional\proc\p18F6722.asm
                  SSPCON2   0x000fc5       data     extern C:\MCC18\src\traditional\proc\p18F6722.asm
              SSPCON2bits   0x000fc5       data     extern C:\MCC18\src\traditional\proc\p18F6722.asm
                  SSPSTAT   0x000fc7       data     extern C:\MCC18\src\traditional\proc\p18F6722.asm
              SSPSTATbits   0x000fc7       data     extern C:\MCC18\src\traditional\proc\p18F6722.asm
                   STATUS   0x000fd8       data     extern C:\MCC18\src\traditional\proc\p18F6722.asm
               STATUSbits   0x000fd8       data     extern C:\MCC18\src\traditional\proc\p18F6722.asm
                   STKPTR   0x000ffc       data     extern C:\MCC18\src\traditional\proc\p18F6722.asm
               STKPTRbits   0x000ffc       data     extern C:\MCC18\src\traditional\proc\p18F6722.asm
                    T0CON   0x000fd5       data     extern C:\MCC18\src\traditional\proc\p18F6722.asm
                T0CONbits   0x000fd5       data     extern C:\MCC18\src\traditional\proc\p18F6722.asm
                    T1CON   0x000fcd       data     extern C:\MCC18\src\traditional\proc\p18F6722.asm
                T1CONbits   0x000fcd       data     extern C:\MCC18\src\traditional\proc\p18F6722.asm
                    T2CON   0x000fca       data     extern C:\MCC18\src\traditional\proc\p18F6722.asm
                T2CONbits   0x000fca       data     extern C:\MCC18\src\traditional\proc\p18F6722.asm
                    T3CON   0x000fb1       data     extern C:\MCC18\src\traditional\proc\p18F6722.asm
                T3CONbits   0x000fb1       data     extern C:\MCC18\src\traditional\proc\p18F6722.asm
                    T4CON   0x000f76       data     extern C:\MCC18\src\traditional\proc\p18F6722.asm
                T4CONbits   0x000f76       data     extern C:\MCC18\src\traditional\proc\p18F6722.asm
                   TABLAT   0x000ff5       data     extern C:\MCC18\src\traditional\proc\p18F6722.asm
                   TBLPTR   0x000ff6       data     extern C:\MCC18\src\traditional\proc\p18F6722.asm
                  TBLPTRH   0x000ff7       data     extern C:\MCC18\src\traditional\proc\p18F6722.asm
                  TBLPTRL   0x000ff6       data     extern C:\MCC18\src\traditional\proc\p18F6722.asm
                  TBLPTRU   0x000ff8       data     extern C:\MCC18\src\traditional\proc\p18F6722.asm
                    TMR0H   0x000fd7       data     extern C:\MCC18\src\traditional\proc\p18F6722.asm
                    TMR0L   0x000fd6       data     extern C:\MCC18\src\traditional\proc\p18F6722.asm
                    TMR1H   0x000fcf       data     extern C:\MCC18\src\traditional\proc\p18F6722.asm
                    TMR1L   0x000fce       data     extern C:\MCC18\src\traditional\proc\p18F6722.asm
                     TMR2   0x000fcc       data     extern C:\MCC18\src\traditional\proc\p18F6722.asm
                    TMR3H   0x000fb3       data     extern C:\MCC18\src\traditional\proc\p18F6722.asm
                    TMR3L   0x000fb2       data     extern C:\MCC18\src\traditional\proc\p18F6722.asm
                     TMR4   0x000f78       data     extern C:\MCC18\src\traditional\proc\p18F6722.asm
                      TOS   0x000ffd       data     extern C:\MCC18\src\traditional\proc\p18F6722.asm
                     TOSH   0x000ffe       data     extern C:\MCC18\src\traditional\proc\p18F6722.asm
                     TOSL   0x000ffd       data     extern C:\MCC18\src\traditional\proc\p18F6722.asm
                     TOSU   0x000fff       data     extern C:\MCC18\src\traditional\proc\p18F6722.asm
                    TRISA   0x000f92       data     extern C:\MCC18\src\traditional\proc\p18F6722.asm
                TRISAbits   0x000f92       data     extern C:\MCC18\src\traditional\proc\p18F6722.asm
                    TRISB   0x000f93       data     extern C:\MCC18\src\traditional\proc\p18F6722.asm
                TRISBbits   0x000f93       data     extern C:\MCC18\src\traditional\proc\p18F6722.asm
                    TRISC   0x000f94       data     extern C:\MCC18\src\traditional\proc\p18F6722.asm
                TRISCbits   0x000f94       data     extern C:\MCC18\src\traditional\proc\p18F6722.asm
                    TRISD   0x000f95       data     extern C:\MCC18\src\traditional\proc\p18F6722.asm
                TRISDbits   0x000f95       data     extern C:\MCC18\src\traditional\proc\p18F6722.asm
                    TRISE   0x000f96       data     extern C:\MCC18\src\traditional\proc\p18F6722.asm
                TRISEbits   0x000f96       data     extern C:\MCC18\src\traditional\proc\p18F6722.asm
                    TRISF   0x000f97       data     extern C:\MCC18\src\traditional\proc\p18F6722.asm
                TRISFbits   0x000f97       data     extern C:\MCC18\src\traditional\proc\p18F6722.asm
                    TRISG   0x000f98       data     extern C:\MCC18\src\traditional\proc\p18F6722.asm
                TRISGbits   0x000f98       data     extern C:\MCC18\src\traditional\proc\p18F6722.asm
                    TXREG   0x000fad       data     extern C:\MCC18\src\traditional\proc\p18F6722.asm
                   TXREG1   0x000fad       data     extern C:\MCC18\src\traditional\proc\p18F6722.asm
                   TXREG2   0x000f6d       data     extern C:\MCC18\src\traditional\proc\p18F6722.asm
                    TXSTA   0x000fac       data     extern C:\MCC18\src\traditional\proc\p18F6722.asm
                   TXSTA1   0x000fac       data     extern C:\MCC18\src\traditional\proc\p18F6722.asm
               TXSTA1bits   0x000fac       data     extern C:\MCC18\src\traditional\proc\p18F6722.asm
                   TXSTA2   0x000f6c       data     extern C:\MCC18\src\traditional\proc\p18F6722.asm
               TXSTA2bits   0x000f6c       data     extern C:\MCC18\src\traditional\proc\p18F6722.asm
                TXSTAbits   0x000fac       data     extern C:\MCC18\src\traditional\proc\p18F6722.asm
                   WDTCON   0x000fd1       data     extern C:\MCC18\src\traditional\proc\p18F6722.asm
               WDTCONbits   0x000fd1       data     extern C:\MCC18\src\traditional\proc\p18F6722.asm
                     WREG   0x000fe8       data     extern C:\MCC18\src\traditional\proc\p18F6722.asm
                 __AARGB0   0x000009       data     extern C:\MCC18\src\traditional\math\aarg.asm
                 __AARGB1   0x000008       data     extern C:\MCC18\src\traditional\math\aarg.asm
                 __AARGB2   0x000007       data     extern C:\MCC18\src\traditional\math\aarg.asm
                 __AARGB3   0x000006       data     extern C:\MCC18\src\traditional\math\aarg.asm
                 __AARGB4   0x000005       data     extern C:\MCC18\src\traditional\math\aarg.asm
                 __AARGB5   0x000004       data     extern C:\MCC18\src\traditional\math\aarg.asm
                 __AARGB6   0x000003       data     extern C:\MCC18\src\traditional\math\aarg.asm
                 __AARGB7   0x000002       data     extern C:\MCC18\src\traditional\math\aarg.asm
                   __AEXP   0x00000a       data     extern C:\MCC18\src\traditional\math\aarg.asm
                 __BARGB0   0x00000e       data     extern C:\MCC18\src\traditional\math\barg.asm
                 __BARGB1   0x00000d       data     extern C:\MCC18\src\traditional\math\barg.asm
                 __BARGB2   0x00000c       data     extern C:\MCC18\src\traditional\math\barg.asm
                 __BARGB3   0x00000b       data     extern C:\MCC18\src\traditional\math\barg.asm
                   __BEXP   0x00000f       data     extern C:\MCC18\src\traditional\math\barg.asm
                __FPFLAGS   0x000001       data     extern C:\MCC18\src\traditional\math\cmath18.asm
            __FPFLAGSbits   0x000001       data     extern C:\MCC18\src\traditional\math\cmath18.asm
                  __REMB0   0x000005       data     extern C:\MCC18\src\traditional\math\aarg.asm
                  __REMB1   0x000004       data     extern C:\MCC18\src\traditional\math\aarg.asm
                  __REMB2   0x000003       data     extern C:\MCC18\src\traditional\math\aarg.asm
                  __REMB3   0x000002       data     extern C:\MCC18\src\traditional\math\aarg.asm
                  __tmp_0   0x000010       data     static C:\yann\test_liaisonsérie\Code_platine\usart.c
                  __tmp_0   0x000010       data     static C:\yann\test_liaisonsérie\Code_platine\lcd.c
          chaine_commande   0x000f00       data     extern C:\yann\test_liaisonsérie\Code_platine\usart.c
         chaine_parametre   0x000f08       data     extern C:\yann\test_liaisonsérie\Code_platine\usart.c
                curr_byte   0x000f22       data     static C:\MCC18\src\traditional\startup\c018i.c
               curr_entry   0x000f24       data     static C:\MCC18\src\traditional\startup\c018i.c
                 data_ptr   0x000f26       data     static C:\MCC18\src\traditional\startup\c018i.c
                        i   0x000f2a       data     extern C:\yann\test_liaisonsérie\Code_platine\usart.c
                    octet   0x000f29       data     extern C:\yann\test_liaisonsérie\Code_platine\usart.c
                     prom   0x000f1f       data     static C:\MCC18\src\traditional\startup\c018i.c



                              Symbols - Sorted by Address
                     Name    Address   Location    Storage File                     
                ---------  ---------  ---------  --------- ---------                
                   _entry   0x000000    program     extern C:\MCC18\src\traditional\startup\c018i.c
       ___return_lbl00000   0x000004    program     static                          
      InterruptVectorHigh   0x000008    program     extern C:\yann\test_liaisonsérie\Code_platine\usart.c
       ___return_lbl00018   0x00000c    program     static                          
    envoyer_donnees_usart   0x000038    program     extern C:\yann\test_liaisonsérie\Code_platine\usart.c
traiter_reception_commande   0x0000ba    program     extern C:\yann\test_liaisonsérie\Code_platine\usart.c
traiter_reception_parametre   0x000224    program     extern C:\yann\test_liaisonsérie\Code_platine\usart.c
               init_usart   0x0003a0    program     extern C:\yann\test_liaisonsérie\Code_platine\usart.c
     InterruptHandlerHigh   0x0003ca    program     extern C:\yann\test_liaisonsérie\Code_platine\usart.c
     valider_checksum_cmd   0x000590    program     extern C:\yann\test_liaisonsérie\Code_platine\usart.c
valider_checksum_parametre   0x00069c    program     extern C:\yann\test_liaisonsérie\Code_platine\usart.c
           effacer_chaine   0x0009ec    program     extern C:\yann\test_liaisonsérie\Code_platine\usart.c
                 lcd_init   0x000a66    program     extern C:\yann\test_liaisonsérie\Code_platine\lcd.c
                 lcd_putc   0x000ab6    program     extern C:\yann\test_liaisonsérie\Code_platine\lcd.c
                 lcd_puts   0x000af6    program     extern C:\yann\test_liaisonsérie\Code_platine\lcd.c
                 lcd_puti   0x000b86    program     extern C:\yann\test_liaisonsérie\Code_platine\lcd.c
               lcd_gotoxy   0x000bd4    program     extern C:\yann\test_liaisonsérie\Code_platine\lcd.c
  ecrire_demi_instruction   0x000cc0    program     extern C:\yann\test_liaisonsérie\Code_platine\lcd.c
       ecrire_instruction   0x000cfa    program     extern C:\yann\test_liaisonsérie\Code_platine\lcd.c
       attendre_busy_flag   0x000d24    program     extern C:\yann\test_liaisonsérie\Code_platine\lcd.c
                     itoa   0x000da6    program     extern C:\MCC18\src\traditional\stdclib\itoa.asm
                jTstSign1   0x000dd2    program     static C:\MCC18\src\traditional\stdclib\itoa.asm
                     jDo5   0x000e1c    program     static C:\MCC18\src\traditional\stdclib\itoa.asm
                     jDo4   0x000e20    program     static C:\MCC18\src\traditional\stdclib\itoa.asm
                     jDo3   0x000e24    program     static C:\MCC18\src\traditional\stdclib\itoa.asm
                     jDo2   0x000e28    program     static C:\MCC18\src\traditional\stdclib\itoa.asm
                     jDo1   0x000e2c    program     static C:\MCC18\src\traditional\stdclib\itoa.asm
                 TstUpper   0x000e60    program     static C:\MCC18\src\traditional\stdclib\itoa.asm
                 TstLower   0x000e66    program     static C:\MCC18\src\traditional\stdclib\itoa.asm
                jTstLowZ1   0x000e70    program     static C:\MCC18\src\traditional\stdclib\itoa.asm
                ProcUpper   0x000e72    program     static C:\MCC18\src\traditional\stdclib\itoa.asm
                ProcLower   0x000e7c    program     static C:\MCC18\src\traditional\stdclib\itoa.asm
                   itoBCD   0x000e86    program     extern C:\MCC18\src\traditional\stdclib\itobcd.asm
                    jLoop   0x000e9e    program     static C:\MCC18\src\traditional\stdclib\itobcd.asm
                     jEnd   0x000ec4    program     static C:\MCC18\src\traditional\stdclib\itobcd.asm
                  OneByte   0x000ec8    program     static C:\MCC18\src\traditional\stdclib\itobcd.asm
                _do_cinit   0x000eda    program     extern C:\MCC18\src\traditional\startup\c018i.c
                     test   0x000ef4    program     static                          
                copy_loop   0x000f4c    program     static                          
            copy_one_byte   0x000f52    program     static                          
             done_copying   0x000f60    program     static                          
                     done   0x000f76    program     static                          
       ___return_lbl00002   0x000f76    program     static                          
                   strcmp   0x000f78    program     extern C:\MCC18\src\traditional\stdclib\strcmp.asm
                    jLoop   0x000f98    program     static C:\MCC18\src\traditional\stdclib\strcmp.asm
                     jEnd   0x000fa2    program     static C:\MCC18\src\traditional\stdclib\strcmp.asm
                   strlen   0x000fb8    program     extern C:\MCC18\src\traditional\stdclib\strlen.asm
                    jLoop   0x000fc8    program     static C:\MCC18\src\traditional\stdclib\strlen.asm
                     jEnd   0x000fd2    program     static C:\MCC18\src\traditional\stdclib\strlen.asm
                 FXD1616S   0x000fd4    program     extern C:\MCC18\src\traditional\math\fxd1616s.asm
                  DA1616S   0x000fe6    program     static C:\MCC18\src\traditional\math\fxd1616s.asm
                   D1616S   0x000ff6    program     static C:\MCC18\src\traditional\math\fxd1616s.asm
                 D1616SOK   0x001000    program     static C:\MCC18\src\traditional\math\fxd1616s.asm
                D1616SNEG   0x001004    program     static C:\MCC18\src\traditional\math\fxd1616s.asm
                  D1616SX   0x001016    program     static C:\MCC18\src\traditional\math\fxd1616s.asm
             Delay10KTCYx   0x001020    program     extern C:\MCC18\src\traditional\delays\d10ktcyx.asm
                    D10Kx   0x00102a    program     static C:\MCC18\src\traditional\delays\d10ktcyx.asm
                   D10K_1   0x00102c    program     static C:\MCC18\src\traditional\delays\d10ktcyx.asm
       _D10KTCYXCODE_0010   0x001030    program     static C:\MCC18\src\traditional\delays\d10ktcyx.asm
                    D10Kl   0x001038    program     static C:\MCC18\src\traditional\delays\d10ktcyx.asm
       _D10KTCYXCODE_001C   0x00103c    program     static C:\MCC18\src\traditional\delays\d10ktcyx.asm
                     main   0x00104e    program     extern C:\yann\test_liaisonsérie\Code_platine\main.c
                 FXD1616U   0x00107a    program     extern C:\MCC18\src\traditional\math\fxd1616u.c
                     loop   0x001084    program     static                          
                  endloop   0x0010a0    program     static                          
       ___return_lbl00000   0x0010a4    program     static                          
                 _startup   0x0010a6    program     extern C:\MCC18\src\traditional\startup\c018i.c
                     loop   0x0010b6    program     static                          
       ___return_lbl00001   0x0010c0    program     static                          
            __zero_memory   0x0010c2    program     extern C:\MCC18\src\traditional\proc\p18F6722.asm
               clear_loop   0x0010c8    program     static C:\MCC18\src\traditional\proc\p18F6722.asm
                   __init   0x0010d0    program     extern C:\MCC18\src\traditional\stdclib\__init.c
                     SIGN   0x000000       data     extern C:\MCC18\src\traditional\math\cmath18.asm
                __FPFLAGS   0x000001       data     extern C:\MCC18\src\traditional\math\cmath18.asm
            __FPFLAGSbits   0x000001       data     extern C:\MCC18\src\traditional\math\cmath18.asm
                  __REMB3   0x000002       data     extern C:\MCC18\src\traditional\math\aarg.asm
                 __AARGB7   0x000002       data     extern C:\MCC18\src\traditional\math\aarg.asm
                  __REMB2   0x000003       data     extern C:\MCC18\src\traditional\math\aarg.asm
                 __AARGB6   0x000003       data     extern C:\MCC18\src\traditional\math\aarg.asm
                  __REMB1   0x000004       data     extern C:\MCC18\src\traditional\math\aarg.asm
                 __AARGB5   0x000004       data     extern C:\MCC18\src\traditional\math\aarg.asm
                  __REMB0   0x000005       data     extern C:\MCC18\src\traditional\math\aarg.asm
                 __AARGB4   0x000005       data     extern C:\MCC18\src\traditional\math\aarg.asm
                 __AARGB3   0x000006       data     extern C:\MCC18\src\traditional\math\aarg.asm
                 __AARGB2   0x000007       data     extern C:\MCC18\src\traditional\math\aarg.asm
                 __AARGB1   0x000008       data     extern C:\MCC18\src\traditional\math\aarg.asm
                 __AARGB0   0x000009       data     extern C:\MCC18\src\traditional\math\aarg.asm
                   __AEXP   0x00000a       data     extern C:\MCC18\src\traditional\math\aarg.asm
                 __BARGB3   0x00000b       data     extern C:\MCC18\src\traditional\math\barg.asm
                 __BARGB2   0x00000c       data     extern C:\MCC18\src\traditional\math\barg.asm
                 __BARGB1   0x00000d       data     extern C:\MCC18\src\traditional\math\barg.asm
                 __BARGB0   0x00000e       data     extern C:\MCC18\src\traditional\math\barg.asm
                   __BEXP   0x00000f       data     extern C:\MCC18\src\traditional\math\barg.asm
                  __tmp_0   0x000010       data     static C:\yann\test_liaisonsérie\Code_platine\usart.c
                  __tmp_0   0x000010       data     static C:\yann\test_liaisonsérie\Code_platine\lcd.c
            DelayCounter2   0x000014       data     extern C:\MCC18\src\traditional\delays\delayd2.asm
            DelayCounter1   0x000015       data     extern C:\MCC18\src\traditional\delays\delayd1.asm
          chaine_commande   0x000f00       data     extern C:\yann\test_liaisonsérie\Code_platine\usart.c
         chaine_parametre   0x000f08       data     extern C:\yann\test_liaisonsérie\Code_platine\usart.c
            FLAG_COMMANDE   0x000f1c       data     extern C:\yann\test_liaisonsérie\Code_platine\usart.c
           FLAG_PARAMETRE   0x000f1d       data     extern C:\yann\test_liaisonsérie\Code_platine\usart.c
         FLAG_INSTRUCTION   0x000f1e       data     extern C:\yann\test_liaisonsérie\Code_platine\usart.c
                     prom   0x000f1f       data     static C:\MCC18\src\traditional\startup\c018i.c
                curr_byte   0x000f22       data     static C:\MCC18\src\traditional\startup\c018i.c
               curr_entry   0x000f24       data     static C:\MCC18\src\traditional\startup\c018i.c
                 data_ptr   0x000f26       data     static C:\MCC18\src\traditional\startup\c018i.c
                    octet   0x000f29       data     extern C:\yann\test_liaisonsérie\Code_platine\usart.c
                        i   0x000f2a       data     extern C:\yann\test_liaisonsérie\Code_platine\usart.c
                 SSP2CON2   0x000f62       data     extern C:\MCC18\src\traditional\proc\p18F6722.asm
             SSP2CON2bits   0x000f62       data     extern C:\MCC18\src\traditional\proc\p18F6722.asm
                 SSP2CON1   0x000f63       data     extern C:\MCC18\src\traditional\proc\p18F6722.asm
             SSP2CON1bits   0x000f63       data     extern C:\MCC18\src\traditional\proc\p18F6722.asm
                 SSP2STAT   0x000f64       data     extern C:\MCC18\src\traditional\proc\p18F6722.asm
             SSP2STATbits   0x000f64       data     extern C:\MCC18\src\traditional\proc\p18F6722.asm
                  SSP2ADD   0x000f65       data     extern C:\MCC18\src\traditional\proc\p18F6722.asm
                  SSP2BUF   0x000f66       data     extern C:\MCC18\src\traditional\proc\p18F6722.asm
             ECCP2DELbits   0x000f67       data     extern C:\MCC18\src\traditional\proc\p18F6722.asm
                 ECCP2DEL   0x000f67       data     extern C:\MCC18\src\traditional\proc\p18F6722.asm
              ECCP2ASbits   0x000f68       data     extern C:\MCC18\src\traditional\proc\p18F6722.asm
                  ECCP2AS   0x000f68       data     extern C:\MCC18\src\traditional\proc\p18F6722.asm
                 ECCP3DEL   0x000f69       data     extern C:\MCC18\src\traditional\proc\p18F6722.asm
             ECCP3DELbits   0x000f69       data     extern C:\MCC18\src\traditional\proc\p18F6722.asm
                  ECCP3AS   0x000f6a       data     extern C:\MCC18\src\traditional\proc\p18F6722.asm
              ECCP3ASbits   0x000f6a       data     extern C:\MCC18\src\traditional\proc\p18F6722.asm
               RCSTA2bits   0x000f6b       data     extern C:\MCC18\src\traditional\proc\p18F6722.asm
                   RCSTA2   0x000f6b       data     extern C:\MCC18\src\traditional\proc\p18F6722.asm
               TXSTA2bits   0x000f6c       data     extern C:\MCC18\src\traditional\proc\p18F6722.asm
                   TXSTA2   0x000f6c       data     extern C:\MCC18\src\traditional\proc\p18F6722.asm
                   TXREG2   0x000f6d       data     extern C:\MCC18\src\traditional\proc\p18F6722.asm
                   RCREG2   0x000f6e       data     extern C:\MCC18\src\traditional\proc\p18F6722.asm
                   SPBRG2   0x000f6f       data     extern C:\MCC18\src\traditional\proc\p18F6722.asm
                  CCP5CON   0x000f70       data     extern C:\MCC18\src\traditional\proc\p18F6722.asm
              CCP5CONbits   0x000f70       data     extern C:\MCC18\src\traditional\proc\p18F6722.asm
                    CCPR5   0x000f71       data     extern C:\MCC18\src\traditional\proc\p18F6722.asm
                   CCPR5L   0x000f71       data     extern C:\MCC18\src\traditional\proc\p18F6722.asm
                   CCPR5H   0x000f72       data     extern C:\MCC18\src\traditional\proc\p18F6722.asm
              CCP4CONbits   0x000f73       data     extern C:\MCC18\src\traditional\proc\p18F6722.asm
                  CCP4CON   0x000f73       data     extern C:\MCC18\src\traditional\proc\p18F6722.asm
                    CCPR4   0x000f74       data     extern C:\MCC18\src\traditional\proc\p18F6722.asm
                   CCPR4L   0x000f74       data     extern C:\MCC18\src\traditional\proc\p18F6722.asm
                   CCPR4H   0x000f75       data     extern C:\MCC18\src\traditional\proc\p18F6722.asm
                    T4CON   0x000f76       data     extern C:\MCC18\src\traditional\proc\p18F6722.asm
                T4CONbits   0x000f76       data     extern C:\MCC18\src\traditional\proc\p18F6722.asm
                      PR4   0x000f77       data     extern C:\MCC18\src\traditional\proc\p18F6722.asm
                     TMR4   0x000f78       data     extern C:\MCC18\src\traditional\proc\p18F6722.asm
             ECCP1DELbits   0x000f79       data     extern C:\MCC18\src\traditional\proc\p18F6722.asm
                 ECCP1DEL   0x000f79       data     extern C:\MCC18\src\traditional\proc\p18F6722.asm
             BAUDCON2bits   0x000f7c       data     extern C:\MCC18\src\traditional\proc\p18F6722.asm
                 BAUDCON2   0x000f7c       data     extern C:\MCC18\src\traditional\proc\p18F6722.asm
                  SPBRGH2   0x000f7d       data     extern C:\MCC18\src\traditional\proc\p18F6722.asm
              BAUDCONbits   0x000f7e       data     extern C:\MCC18\src\traditional\proc\p18F6722.asm
             BAUDCON1bits   0x000f7e       data     extern C:\MCC18\src\traditional\proc\p18F6722.asm
                 BAUDCON1   0x000f7e       data     extern C:\MCC18\src\traditional\proc\p18F6722.asm
                  BAUDCON   0x000f7e       data     extern C:\MCC18\src\traditional\proc\p18F6722.asm
                   SPBRGH   0x000f7f       data     extern C:\MCC18\src\traditional\proc\p18F6722.asm
                  SPBRGH1   0x000f7f       data     extern C:\MCC18\src\traditional\proc\p18F6722.asm
                PORTAbits   0x000f80       data     extern C:\MCC18\src\traditional\proc\p18F6722.asm
                    PORTA   0x000f80       data     extern C:\MCC18\src\traditional\proc\p18F6722.asm
                PORTBbits   0x000f81       data     extern C:\MCC18\src\traditional\proc\p18F6722.asm
                    PORTB   0x000f81       data     extern C:\MCC18\src\traditional\proc\p18F6722.asm
                    PORTC   0x000f82       data     extern C:\MCC18\src\traditional\proc\p18F6722.asm
                PORTCbits   0x000f82       data     extern C:\MCC18\src\traditional\proc\p18F6722.asm
                    PORTD   0x000f83       data     extern C:\MCC18\src\traditional\proc\p18F6722.asm
                PORTDbits   0x000f83       data     extern C:\MCC18\src\traditional\proc\p18F6722.asm
                    PORTE   0x000f84       data     extern C:\MCC18\src\traditional\proc\p18F6722.asm
                PORTEbits   0x000f84       data     extern C:\MCC18\src\traditional\proc\p18F6722.asm
                    PORTF   0x000f85       data     extern C:\MCC18\src\traditional\proc\p18F6722.asm
                PORTFbits   0x000f85       data     extern C:\MCC18\src\traditional\proc\p18F6722.asm
                    PORTG   0x000f86       data     extern C:\MCC18\src\traditional\proc\p18F6722.asm
                PORTGbits   0x000f86       data     extern C:\MCC18\src\traditional\proc\p18F6722.asm
                     LATA   0x000f89       data     extern C:\MCC18\src\traditional\proc\p18F6722.asm
                 LATAbits   0x000f89       data     extern C:\MCC18\src\traditional\proc\p18F6722.asm
                     LATB   0x000f8a       data     extern C:\MCC18\src\traditional\proc\p18F6722.asm
                 LATBbits   0x000f8a       data     extern C:\MCC18\src\traditional\proc\p18F6722.asm
                     LATC   0x000f8b       data     extern C:\MCC18\src\traditional\proc\p18F6722.asm
                 LATCbits   0x000f8b       data     extern C:\MCC18\src\traditional\proc\p18F6722.asm
                     LATD   0x000f8c       data     extern C:\MCC18\src\traditional\proc\p18F6722.asm
                 LATDbits   0x000f8c       data     extern C:\MCC18\src\traditional\proc\p18F6722.asm
                     LATE   0x000f8d       data     extern C:\MCC18\src\traditional\proc\p18F6722.asm
                 LATEbits   0x000f8d       data     extern C:\MCC18\src\traditional\proc\p18F6722.asm
                     LATF   0x000f8e       data     extern C:\MCC18\src\traditional\proc\p18F6722.asm
                 LATFbits   0x000f8e       data     extern C:\MCC18\src\traditional\proc\p18F6722.asm
                     LATG   0x000f8f       data     extern C:\MCC18\src\traditional\proc\p18F6722.asm
                 LATGbits   0x000f8f       data     extern C:\MCC18\src\traditional\proc\p18F6722.asm
                     DDRA   0x000f92       data     extern C:\MCC18\src\traditional\proc\p18F6722.asm
                 DDRAbits   0x000f92       data     extern C:\MCC18\src\traditional\proc\p18F6722.asm
                    TRISA   0x000f92       data     extern C:\MCC18\src\traditional\proc\p18F6722.asm
                TRISAbits   0x000f92       data     extern C:\MCC18\src\traditional\proc\p18F6722.asm
                     DDRB   0x000f93       data     extern C:\MCC18\src\traditional\proc\p18F6722.asm
                TRISBbits   0x000f93       data     extern C:\MCC18\src\traditional\proc\p18F6722.asm
                 DDRBbits   0x000f93       data     extern C:\MCC18\src\traditional\proc\p18F6722.asm
                    TRISB   0x000f93       data     extern C:\MCC18\src\traditional\proc\p18F6722.asm
                     DDRC   0x000f94       data     extern C:\MCC18\src\traditional\proc\p18F6722.asm
                 DDRCbits   0x000f94       data     extern C:\MCC18\src\traditional\proc\p18F6722.asm
                TRISCbits   0x000f94       data     extern C:\MCC18\src\traditional\proc\p18F6722.asm
                    TRISC   0x000f94       data     extern C:\MCC18\src\traditional\proc\p18F6722.asm
                     DDRD   0x000f95       data     extern C:\MCC18\src\traditional\proc\p18F6722.asm
                    TRISD   0x000f95       data     extern C:\MCC18\src\traditional\proc\p18F6722.asm
                TRISDbits   0x000f95       data     extern C:\MCC18\src\traditional\proc\p18F6722.asm
                 DDRDbits   0x000f95       data     extern C:\MCC18\src\traditional\proc\p18F6722.asm
                 DDREbits   0x000f96       data     extern C:\MCC18\src\traditional\proc\p18F6722.asm
                     DDRE   0x000f96       data     extern C:\MCC18\src\traditional\proc\p18F6722.asm
                    TRISE   0x000f96       data     extern C:\MCC18\src\traditional\proc\p18F6722.asm
                TRISEbits   0x000f96       data     extern C:\MCC18\src\traditional\proc\p18F6722.asm
                    TRISF   0x000f97       data     extern C:\MCC18\src\traditional\proc\p18F6722.asm
                TRISFbits   0x000f97       data     extern C:\MCC18\src\traditional\proc\p18F6722.asm
                     DDRF   0x000f97       data     extern C:\MCC18\src\traditional\proc\p18F6722.asm
                 DDRFbits   0x000f97       data     extern C:\MCC18\src\traditional\proc\p18F6722.asm
                TRISGbits   0x000f98       data     extern C:\MCC18\src\traditional\proc\p18F6722.asm
                    TRISG   0x000f98       data     extern C:\MCC18\src\traditional\proc\p18F6722.asm
                     DDRG   0x000f98       data     extern C:\MCC18\src\traditional\proc\p18F6722.asm
                 DDRGbits   0x000f98       data     extern C:\MCC18\src\traditional\proc\p18F6722.asm
                  OSCTUNE   0x000f9b       data     extern C:\MCC18\src\traditional\proc\p18F6722.asm
              OSCTUNEbits   0x000f9b       data     extern C:\MCC18\src\traditional\proc\p18F6722.asm
                     PIE1   0x000f9d       data     extern C:\MCC18\src\traditional\proc\p18F6722.asm
                 PIE1bits   0x000f9d       data     extern C:\MCC18\src\traditional\proc\p18F6722.asm
                     PIR1   0x000f9e       data     extern C:\MCC18\src\traditional\proc\p18F6722.asm
                 PIR1bits   0x000f9e       data     extern C:\MCC18\src\traditional\proc\p18F6722.asm
                     IPR1   0x000f9f       data     extern C:\MCC18\src\traditional\proc\p18F6722.asm
                 IPR1bits   0x000f9f       data     extern C:\MCC18\src\traditional\proc\p18F6722.asm
                 PIE2bits   0x000fa0       data     extern C:\MCC18\src\traditional\proc\p18F6722.asm
                     PIE2   0x000fa0       data     extern C:\MCC18\src\traditional\proc\p18F6722.asm
                     PIR2   0x000fa1       data     extern C:\MCC18\src\traditional\proc\p18F6722.asm
                 PIR2bits   0x000fa1       data     extern C:\MCC18\src\traditional\proc\p18F6722.asm
                     IPR2   0x000fa2       data     extern C:\MCC18\src\traditional\proc\p18F6722.asm
                 IPR2bits   0x000fa2       data     extern C:\MCC18\src\traditional\proc\p18F6722.asm
                 PIE3bits   0x000fa3       data     extern C:\MCC18\src\traditional\proc\p18F6722.asm
                     PIE3   0x000fa3       data     extern C:\MCC18\src\traditional\proc\p18F6722.asm
                 PIR3bits   0x000fa4       data     extern C:\MCC18\src\traditional\proc\p18F6722.asm
                     PIR3   0x000fa4       data     extern C:\MCC18\src\traditional\proc\p18F6722.asm
                 IPR3bits   0x000fa5       data     extern C:\MCC18\src\traditional\proc\p18F6722.asm
                     IPR3   0x000fa5       data     extern C:\MCC18\src\traditional\proc\p18F6722.asm
               EECON1bits   0x000fa6       data     extern C:\MCC18\src\traditional\proc\p18F6722.asm
                   EECON1   0x000fa6       data     extern C:\MCC18\src\traditional\proc\p18F6722.asm
                   EECON2   0x000fa7       data     extern C:\MCC18\src\traditional\proc\p18F6722.asm
                   EEDATA   0x000fa8       data     extern C:\MCC18\src\traditional\proc\p18F6722.asm
                    EEADR   0x000fa9       data     extern C:\MCC18\src\traditional\proc\p18F6722.asm
                   EEADRH   0x000faa       data     extern C:\MCC18\src\traditional\proc\p18F6722.asm
                    RCSTA   0x000fab       data     extern C:\MCC18\src\traditional\proc\p18F6722.asm
                   RCSTA1   0x000fab       data     extern C:\MCC18\src\traditional\proc\p18F6722.asm
               RCSTA1bits   0x000fab       data     extern C:\MCC18\src\traditional\proc\p18F6722.asm
                RCSTAbits   0x000fab       data     extern C:\MCC18\src\traditional\proc\p18F6722.asm
                    TXSTA   0x000fac       data     extern C:\MCC18\src\traditional\proc\p18F6722.asm
                   TXSTA1   0x000fac       data     extern C:\MCC18\src\traditional\proc\p18F6722.asm
               TXSTA1bits   0x000fac       data     extern C:\MCC18\src\traditional\proc\p18F6722.asm
                TXSTAbits   0x000fac       data     extern C:\MCC18\src\traditional\proc\p18F6722.asm
                    TXREG   0x000fad       data     extern C:\MCC18\src\traditional\proc\p18F6722.asm
                   TXREG1   0x000fad       data     extern C:\MCC18\src\traditional\proc\p18F6722.asm
                    RCREG   0x000fae       data     extern C:\MCC18\src\traditional\proc\p18F6722.asm
                   RCREG1   0x000fae       data     extern C:\MCC18\src\traditional\proc\p18F6722.asm
                    SPBRG   0x000faf       data     extern C:\MCC18\src\traditional\proc\p18F6722.asm
                   SPBRG1   0x000faf       data     extern C:\MCC18\src\traditional\proc\p18F6722.asm
                   PSPCON   0x000fb0       data     extern C:\MCC18\src\traditional\proc\p18F6722.asm
               PSPCONbits   0x000fb0       data     extern C:\MCC18\src\traditional\proc\p18F6722.asm
                T3CONbits   0x000fb1       data     extern C:\MCC18\src\traditional\proc\p18F6722.asm
                    T3CON   0x000fb1       data     extern C:\MCC18\src\traditional\proc\p18F6722.asm
                    TMR3L   0x000fb2       data     extern C:\MCC18\src\traditional\proc\p18F6722.asm
                    TMR3H   0x000fb3       data     extern C:\MCC18\src\traditional\proc\p18F6722.asm
                CMCONbits   0x000fb4       data     extern C:\MCC18\src\traditional\proc\p18F6722.asm
                    CMCON   0x000fb4       data     extern C:\MCC18\src\traditional\proc\p18F6722.asm
               CVRCONbits   0x000fb5       data     extern C:\MCC18\src\traditional\proc\p18F6722.asm
                   CVRCON   0x000fb5       data     extern C:\MCC18\src\traditional\proc\p18F6722.asm
                  ECCP1AS   0x000fb6       data     extern C:\MCC18\src\traditional\proc\p18F6722.asm
              ECCP1ASbits   0x000fb6       data     extern C:\MCC18\src\traditional\proc\p18F6722.asm
                 ECCP3CON   0x000fb7       data     extern C:\MCC18\src\traditional\proc\p18F6722.asm
                  CCP3CON   0x000fb7       data     extern C:\MCC18\src\traditional\proc\p18F6722.asm
              CCP3CONbits   0x000fb7       data     extern C:\MCC18\src\traditional\proc\p18F6722.asm
             ECCP3CONbits   0x000fb7       data     extern C:\MCC18\src\traditional\proc\p18F6722.asm
                   CCPR3L   0x000fb8       data     extern C:\MCC18\src\traditional\proc\p18F6722.asm
                    CCPR3   0x000fb8       data     extern C:\MCC18\src\traditional\proc\p18F6722.asm
                   CCPR3H   0x000fb9       data     extern C:\MCC18\src\traditional\proc\p18F6722.asm
                 ECCP2CON   0x000fba       data     extern C:\MCC18\src\traditional\proc\p18F6722.asm
                  CCP2CON   0x000fba       data     extern C:\MCC18\src\traditional\proc\p18F6722.asm
             ECCP2CONbits   0x000fba       data     extern C:\MCC18\src\traditional\proc\p18F6722.asm
              CCP2CONbits   0x000fba       data     extern C:\MCC18\src\traditional\proc\p18F6722.asm
                    CCPR2   0x000fbb       data     extern C:\MCC18\src\traditional\proc\p18F6722.asm
                   CCPR2L   0x000fbb       data     extern C:\MCC18\src\traditional\proc\p18F6722.asm
                   CCPR2H   0x000fbc       data     extern C:\MCC18\src\traditional\proc\p18F6722.asm
             ECCP1CONbits   0x000fbd       data     extern C:\MCC18\src\traditional\proc\p18F6722.asm
                 ECCP1CON   0x000fbd       data     extern C:\MCC18\src\traditional\proc\p18F6722.asm
                  CCP1CON   0x000fbd       data     extern C:\MCC18\src\traditional\proc\p18F6722.asm
              CCP1CONbits   0x000fbd       data     extern C:\MCC18\src\traditional\proc\p18F6722.asm
                    CCPR1   0x000fbe       data     extern C:\MCC18\src\traditional\proc\p18F6722.asm
                   CCPR1L   0x000fbe       data     extern C:\MCC18\src\traditional\proc\p18F6722.asm
                   CCPR1H   0x000fbf       data     extern C:\MCC18\src\traditional\proc\p18F6722.asm
               ADCON2bits   0x000fc0       data     extern C:\MCC18\src\traditional\proc\p18F6722.asm
                   ADCON2   0x000fc0       data     extern C:\MCC18\src\traditional\proc\p18F6722.asm
               ADCON1bits   0x000fc1       data     extern C:\MCC18\src\traditional\proc\p18F6722.asm
                   ADCON1   0x000fc1       data     extern C:\MCC18\src\traditional\proc\p18F6722.asm
               ADCON0bits   0x000fc2       data     extern C:\MCC18\src\traditional\proc\p18F6722.asm
                   ADCON0   0x000fc2       data     extern C:\MCC18\src\traditional\proc\p18F6722.asm
                    ADRES   0x000fc3       data     extern C:\MCC18\src\traditional\proc\p18F6722.asm
                   ADRESL   0x000fc3       data     extern C:\MCC18\src\traditional\proc\p18F6722.asm
                   ADRESH   0x000fc4       data     extern C:\MCC18\src\traditional\proc\p18F6722.asm
             SSP1CON2bits   0x000fc5       data     extern C:\MCC18\src\traditional\proc\p18F6722.asm
                 SSP1CON2   0x000fc5       data     extern C:\MCC18\src\traditional\proc\p18F6722.asm
                  SSPCON2   0x000fc5       data     extern C:\MCC18\src\traditional\proc\p18F6722.asm
              SSPCON2bits   0x000fc5       data     extern C:\MCC18\src\traditional\proc\p18F6722.asm
                  SSPCON1   0x000fc6       data     extern C:\MCC18\src\traditional\proc\p18F6722.asm
              SSPCON1bits   0x000fc6       data     extern C:\MCC18\src\traditional\proc\p18F6722.asm
                 SSP1CON1   0x000fc6       data     extern C:\MCC18\src\traditional\proc\p18F6722.asm
             SSP1CON1bits   0x000fc6       data     extern C:\MCC18\src\traditional\proc\p18F6722.asm
                 SSP1STAT   0x000fc7       data     extern C:\MCC18\src\traditional\proc\p18F6722.asm
             SSP1STATbits   0x000fc7       data     extern C:\MCC18\src\traditional\proc\p18F6722.asm
                  SSPSTAT   0x000fc7       data     extern C:\MCC18\src\traditional\proc\p18F6722.asm
              SSPSTATbits   0x000fc7       data     extern C:\MCC18\src\traditional\proc\p18F6722.asm
                   SSPADD   0x000fc8       data     extern C:\MCC18\src\traditional\proc\p18F6722.asm
                  SSP1ADD   0x000fc8       data     extern C:\MCC18\src\traditional\proc\p18F6722.asm
                   SSPBUF   0x000fc9       data     extern C:\MCC18\src\traditional\proc\p18F6722.asm
                  SSP1BUF   0x000fc9       data     extern C:\MCC18\src\traditional\proc\p18F6722.asm
                    T2CON   0x000fca       data     extern C:\MCC18\src\traditional\proc\p18F6722.asm
                T2CONbits   0x000fca       data     extern C:\MCC18\src\traditional\proc\p18F6722.asm
                      PR2   0x000fcb       data     extern C:\MCC18\src\traditional\proc\p18F6722.asm
                     TMR2   0x000fcc       data     extern C:\MCC18\src\traditional\proc\p18F6722.asm
                T1CONbits   0x000fcd       data     extern C:\MCC18\src\traditional\proc\p18F6722.asm
                    T1CON   0x000fcd       data     extern C:\MCC18\src\traditional\proc\p18F6722.asm
                    TMR1L   0x000fce       data     extern C:\MCC18\src\traditional\proc\p18F6722.asm
                    TMR1H   0x000fcf       data     extern C:\MCC18\src\traditional\proc\p18F6722.asm
                     RCON   0x000fd0       data     extern C:\MCC18\src\traditional\proc\p18F6722.asm
                 RCONbits   0x000fd0       data     extern C:\MCC18\src\traditional\proc\p18F6722.asm
                   WDTCON   0x000fd1       data     extern C:\MCC18\src\traditional\proc\p18F6722.asm
               WDTCONbits   0x000fd1       data     extern C:\MCC18\src\traditional\proc\p18F6722.asm
               LVDCONbits   0x000fd2       data     extern C:\MCC18\src\traditional\proc\p18F6722.asm
                   LVDCON   0x000fd2       data     extern C:\MCC18\src\traditional\proc\p18F6722.asm
              HLVDCONbits   0x000fd2       data     extern C:\MCC18\src\traditional\proc\p18F6722.asm
                  HLVDCON   0x000fd2       data     extern C:\MCC18\src\traditional\proc\p18F6722.asm
               OSCCONbits   0x000fd3       data     extern C:\MCC18\src\traditional\proc\p18F6722.asm
                   OSCCON   0x000fd3       data     extern C:\MCC18\src\traditional\proc\p18F6722.asm
                T0CONbits   0x000fd5       data     extern C:\MCC18\src\traditional\proc\p18F6722.asm
                    T0CON   0x000fd5       data     extern C:\MCC18\src\traditional\proc\p18F6722.asm
                    TMR0L   0x000fd6       data     extern C:\MCC18\src\traditional\proc\p18F6722.asm
                    TMR0H   0x000fd7       data     extern C:\MCC18\src\traditional\proc\p18F6722.asm
               STATUSbits   0x000fd8       data     extern C:\MCC18\src\traditional\proc\p18F6722.asm
                   STATUS   0x000fd8       data     extern C:\MCC18\src\traditional\proc\p18F6722.asm
                    FSR2L   0x000fd9       data     extern C:\MCC18\src\traditional\proc\p18F6722.asm
                     FSR2   0x000fd9       data     extern C:\MCC18\src\traditional\proc\p18F6722.asm
                    FSR2H   0x000fda       data     extern C:\MCC18\src\traditional\proc\p18F6722.asm
                   PLUSW2   0x000fdb       data     extern C:\MCC18\src\traditional\proc\p18F6722.asm
                  PREINC2   0x000fdc       data     extern C:\MCC18\src\traditional\proc\p18F6722.asm
                 POSTDEC2   0x000fdd       data     extern C:\MCC18\src\traditional\proc\p18F6722.asm
                 POSTINC2   0x000fde       data     extern C:\MCC18\src\traditional\proc\p18F6722.asm
                    INDF2   0x000fdf       data     extern C:\MCC18\src\traditional\proc\p18F6722.asm
                      BSR   0x000fe0       data     extern C:\MCC18\src\traditional\proc\p18F6722.asm
                    FSR1L   0x000fe1       data     extern C:\MCC18\src\traditional\proc\p18F6722.asm
                     FSR1   0x000fe1       data     extern C:\MCC18\src\traditional\proc\p18F6722.asm
                    FSR1H   0x000fe2       data     extern C:\MCC18\src\traditional\proc\p18F6722.asm
                   PLUSW1   0x000fe3       data     extern C:\MCC18\src\traditional\proc\p18F6722.asm
                  PREINC1   0x000fe4       data     extern C:\MCC18\src\traditional\proc\p18F6722.asm
                 POSTDEC1   0x000fe5       data     extern C:\MCC18\src\traditional\proc\p18F6722.asm
                 POSTINC1   0x000fe6       data     extern C:\MCC18\src\traditional\proc\p18F6722.asm
                    INDF1   0x000fe7       data     extern C:\MCC18\src\traditional\proc\p18F6722.asm
                     WREG   0x000fe8       data     extern C:\MCC18\src\traditional\proc\p18F6722.asm
                     FSR0   0x000fe9       data     extern C:\MCC18\src\traditional\proc\p18F6722.asm
                    FSR0L   0x000fe9       data     extern C:\MCC18\src\traditional\proc\p18F6722.asm
                    FSR0H   0x000fea       data     extern C:\MCC18\src\traditional\proc\p18F6722.asm
                   PLUSW0   0x000feb       data     extern C:\MCC18\src\traditional\proc\p18F6722.asm
                  PREINC0   0x000fec       data     extern C:\MCC18\src\traditional\proc\p18F6722.asm
                 POSTDEC0   0x000fed       data     extern C:\MCC18\src\traditional\proc\p18F6722.asm
                 POSTINC0   0x000fee       data     extern C:\MCC18\src\traditional\proc\p18F6722.asm
                    INDF0   0x000fef       data     extern C:\MCC18\src\traditional\proc\p18F6722.asm
              INTCON3bits   0x000ff0       data     extern C:\MCC18\src\traditional\proc\p18F6722.asm
                  INTCON3   0x000ff0       data     extern C:\MCC18\src\traditional\proc\p18F6722.asm
              INTCON2bits   0x000ff1       data     extern C:\MCC18\src\traditional\proc\p18F6722.asm
                  INTCON2   0x000ff1       data     extern C:\MCC18\src\traditional\proc\p18F6722.asm
                   INTCON   0x000ff2       data     extern C:\MCC18\src\traditional\proc\p18F6722.asm
               INTCONbits   0x000ff2       data     extern C:\MCC18\src\traditional\proc\p18F6722.asm
                     PROD   0x000ff3       data     extern C:\MCC18\src\traditional\proc\p18F6722.asm
                    PRODL   0x000ff3       data     extern C:\MCC18\src\traditional\proc\p18F6722.asm
                    PRODH   0x000ff4       data     extern C:\MCC18\src\traditional\proc\p18F6722.asm
                   TABLAT   0x000ff5       data     extern C:\MCC18\src\traditional\proc\p18F6722.asm
                   TBLPTR   0x000ff6       data     extern C:\MCC18\src\traditional\proc\p18F6722.asm
                  TBLPTRL   0x000ff6       data     extern C:\MCC18\src\traditional\proc\p18F6722.asm
                  TBLPTRH   0x000ff7       data     extern C:\MCC18\src\traditional\proc\p18F6722.asm
                  TBLPTRU   0x000ff8       data     extern C:\MCC18\src\traditional\proc\p18F6722.asm
                      PCL   0x000ff9       data     extern C:\MCC18\src\traditional\proc\p18F6722.asm
                       PC   0x000ff9       data     extern C:\MCC18\src\traditional\proc\p18F6722.asm
                   PCLATH   0x000ffa       data     extern C:\MCC18\src\traditional\proc\p18F6722.asm
                   PCLATU   0x000ffb       data     extern C:\MCC18\src\traditional\proc\p18F6722.asm
               STKPTRbits   0x000ffc       data     extern C:\MCC18\src\traditional\proc\p18F6722.asm
                   STKPTR   0x000ffc       data     extern C:\MCC18\src\traditional\proc\p18F6722.asm
                      TOS   0x000ffd       data     extern C:\MCC18\src\traditional\proc\p18F6722.asm
                     TOSL   0x000ffd       data     extern C:\MCC18\src\traditional\proc\p18F6722.asm
                     TOSH   0x000ffe       data     extern C:\MCC18\src\traditional\proc\p18F6722.asm
                     TOSU   0x000fff       data     extern C:\MCC18\src\traditional\proc\p18F6722.asm


